// Jest Snapshot v1, https://goo.gl/fbAQLP

exports[`integration tests projection should request all fields to rawData field: projection from all fields 1`] = `
Array [
  "users",
  "skills",
  "employment",
  "contacts",
  "languages",
  "_id",
  "name",
  "age",
  "gender",
  "relocation",
  "createdAt",
  "updatedAt",
  "__v",
  "nameVirtual",
  "id",
]
`;

exports[`integration tests projection should request only fields from query: projection from query fields 1`] = `
Object {
  "data": Object {
    "user": Object {
      "name": "Name",
    },
  },
}
`;
