// Jest Snapshot v1, https://goo.gl/fbAQLP

exports[`integration tests projection should request all fields to rawData field: projection from all fields 1`] = `
[
  "__v",
  "_id",
  "age",
  "contacts",
  "createdAt",
  "employment",
  "gender",
  "id",
  "languages",
  "n",
  "name",
  "nameVirtual",
  "periods",
  "relocation",
  "skills",
  "someDeep",
  "updatedAt",
  "users",
]
`;

exports[`integration tests projection should request only fields from query: projection from query fields 1`] = `
{
  "data": {
    "user": {
      "name": "Name",
    },
  },
}
`;
