// Jest Snapshot v1, https://goo.gl/fbAQLP

exports[`updateById() -> Resolver.resolve():Promise \`beforeRecordMutate\` may reject operation 1`] = `[Error: Denied due context ReadOnly]`;

exports[`updateById() -> Resolver.resolve():Promise should rejected with Error if args.record._id is empty 1`] = `[Error: User.updateById resolver requires args.record._id value]`;
